// Jest Snapshot v1, https://goo.gl/fbAQLP

exports[`<ActivityRoutes /> component renders as expected 1`] = `
<Switch>
  <Route
    path="/your/current/path/oms"
  >
    <Section
      id={null}
      resource={null}
    >
      <Connect(Outcomes)
        activityIndex={3}
      />
      <Connect(Milestone)
        activityIndex={3}
      />
    </Section>
  </Route>
  <Route
    path="/your/current/path/state-costs"
  >
    <Section
      id={null}
      resource={null}
    >
      <Costs
        activityIndex={3}
      />
    </Section>
  </Route>
  <Route
    path="/your/current/path/contractor-costs"
  >
    <Section
      id={null}
      resource={null}
    >
      <Connect(ContractorResources)
        activityIndex={3}
      />
    </Section>
  </Route>
  <Route
    path="/your/current/path/cost-allocation"
  >
    <Section
      id={null}
      resource={null}
    >
      <CostAllocation
        activityIndex={3}
      />
    </Section>
  </Route>
  <Route
    path="/your/current/path/ffp"
  >
    <Section
      id={null}
      resource={null}
    >
      <Connect(CostAllocateFFP)
        activityIndex={3}
      />
    </Section>
  </Route>
  <Route>
    <Section
      id={null}
      resource={null}
    >
      <Connect(ActivityOverview)
        activityIndex={3}
      />
      <Connect(StandardsAndConditions)
        activityIndex={3}
      />
    </Section>
  </Route>
</Switch>
`;
