// Jest Snapshot v1, https://goo.gl/fbAQLP

exports[`aria announce component renders a message 1`] = `
<div
  aria-live="polite"
  className="ds-u-visibility--screen-reader"
  role="region"
/>
`;

exports[`aria announce component renders correctly 1`] = `
<div
  aria-live="polite"
  className="ds-u-visibility--screen-reader"
  role="region"
/>
`;
