// Jest Snapshot v1, https://goo.gl/fbAQLP

exports[`App component renders correctly 1`] = `
<withRouter(Wrapper)>
  <Connect(AriaAnnounce) />
  <Broadcast />
  <Connect(AutoScrollToElement) />
  <Routes />
</withRouter(Wrapper)>
`;
