// Jest Snapshot v1, https://goo.gl/fbAQLP

exports[`the Root component renders correctly 1`] = `
<Provider
  store={
    Object {
      "clearActions": [Function],
      "dispatch": [Function],
      "getActions": [Function],
      "getState": [Function],
      "replaceReducer": [Function],
      "subscribe": [Function],
    }
  }
>
  <Connect(ConnectedRouterWithContext)
    history={
      Object {
        "listen": [MockFunction] {
          "calls": Array [
            Array [
              [Function],
            ],
          ],
          "results": Array [
            Object {
              "type": "return",
              "value": undefined,
            },
          ],
        },
      }
    }
  >
    <App />
  </Connect(ConnectedRouterWithContext)>
</Provider>
`;
