// Jest Snapshot v1, https://goo.gl/fbAQLP

exports[`Sidebar component renders correctly 1`] = `
<aside
  className="site-sidebar"
>
  <div
    className="ds-u-display--flex ds-u-align-items--center ds-u-border-bottom--1 ds-u-padding-y--2 ds-u-margin-bottom--4"
  >
    <img
      alt="place name"
      className="ds-u-margin-right--2"
      height="40"
      src="/static/img/states/place id.svg"
      width="40"
    />
    <h1>
      place name
    </h1>
  </div>
  <Connect(Nav) />
</aside>
`;
