// Jest Snapshot v1, https://goo.gl/fbAQLP

exports[`general dashboard component renders correctly if federal user 1`] = `<Connect(FederalDashboard) />`;

exports[`general dashboard component renders correctly if not a federal user 1`] = `<Connect(StateDashboard) />`;
