// Jest Snapshot v1, https://goo.gl/fbAQLP

exports[`the dashboard button renders as expected 1`] = `
<Button
  component="button"
  onClick={[Function]}
  type="button"
  variation="transparent"
>
  clicky clicky
</Button>
`;
