// Jest Snapshot v1, https://goo.gl/fbAQLP

exports[`single activity entry page renders correctly 1`] = `
<div
  className="remove-clearfix"
  id="activity-entry-page"
>
  <h2>
    Activity 
    3
    :
     
    A3
  </h2>
  <Connect(AlertMissingFFY) />
  <ActivityRoutes
    activityIndex={2}
  />
</div>
`;
