// Jest Snapshot v1, https://goo.gl/fbAQLP

exports[`the Activities component renders correctly 1`] = `
<Fragment>
  <Connect(ConnectedWaypoint) />
   
  <Connect(AlertMissingFFY) />
  <Section
    id="activities"
    resource="activities"
  >
    <hr
      className="custom-hr"
    />
    <Connect(EntryDetails)
      activityIndex={0}
      apdId="0123456789abcdef01234560"
      key="key1"
    />
    <Connect(EntryDetails)
      activityIndex={1}
      apdId="0123456789abcdef01234560"
      key="key2"
    />
    <Connect(EntryDetails)
      activityIndex={2}
      apdId="0123456789abcdef01234560"
      key="key3"
    />
    <Button
      className="ds-u-margin-top--4"
      component="button"
      onClick={[Function]}
      type="button"
    >
      Add Activity
    </Button>
  </Section>
</Fragment>
`;
