// Jest Snapshot v1, https://goo.gl/fbAQLP

exports[`<ManageRoleDialog /> matches snapshot 1`] = `
<Dialog
  actions={
    Array [
      <Button
        className="ds-u-margin-right--3 ds-u-margin-top--2"
        component="button"
        onClick={[Function]}
        type="button"
      >
        Save
      </Button>,
      <Button
        component="button"
        onClick={[MockFunction]}
        type="button"
        variation="danger"
      >
        Cancel
      </Button>,
    ]
  }
  ariaCloseLabel="Close modal dialog"
  closeButtonText="Close"
  closeButtonVariation="transparent"
  closeIcon={<CloseIcon />}
  escapeExitDisabled={false}
  escapeExits={true}
  heading="Edit Role"
  onExit={[MockFunction]}
  underlayClickExits={false}
>
  <p>
    <strong>
      Name
    </strong>
     
    Liz Lemon
  </p>
  <p>
    <strong>
      Phone Number
    </strong>
     
    4045555555
  </p>
  <p>
    <strong>
      Email
    </strong>
     
    liz@lemon.com
  </p>
  <Dropdown
    hint=""
    label="Role"
    name="selectedPermission"
    onChange={[Function]}
    options={
      Array [
        Object {
          "key": "selectAnOption",
          "label": "Select an option",
          "value": "",
        },
        Object {
          "key": "State Admin",
          "label": "State Admin",
          "name": "State Admin",
          "value": "State Admin",
        },
        Object {
          "key": "State Contractor",
          "label": "State Contractor",
          "name": "State Contractor",
          "value": "State Contractor",
        },
      ]
    }
    size="medium"
    value="State Admin"
  />
</Dialog>
`;
